<?xml version="1.0"?>
<link_info>
   <banner>MSP430 Linker PC v4.1.5</banner>
   <copyright>Copyright (c) 2003-2013 Texas Instruments Incorporated</copyright>
   <link_time>0x57959712</link_time>
   <output_file>Sunpower.out</output_file>
   <entry_point>
      <name>_c_int00</name>
      <address>0x5c60</address>
   </entry_point>
   <input_file_list>
      <input_file id="fl-2">
         <path>.\sor\</path>
         <kind>object</kind>
         <file>key_event.obj</file>
         <name>key_event.obj</name>
      </input_file>
      <input_file id="fl-3">
         <path>.\sor\</path>
         <kind>object</kind>
         <file>cry12864.obj</file>
         <name>cry12864.obj</name>
      </input_file>
      <input_file id="fl-4">
         <path>.\sor\</path>
         <kind>object</kind>
         <file>clock.obj</file>
         <name>clock.obj</name>
      </input_file>
      <input_file id="fl-5">
         <path>.\sor\</path>
         <kind>object</kind>
         <file>Motor.obj</file>
         <name>Motor.obj</name>
      </input_file>
      <input_file id="fl-6">
         <path>.\sor\</path>
         <kind>object</kind>
         <file>Internal_ADC.obj</file>
         <name>Internal_ADC.obj</name>
      </input_file>
      <input_file id="fl-7">
         <path>.\sor\</path>
         <kind>object</kind>
         <file>ADS1118A.obj</file>
         <name>ADS1118A.obj</name>
      </input_file>
      <input_file id="fl-8">
         <path>.\</path>
         <kind>object</kind>
         <file>main.obj</file>
         <name>main.obj</name>
      </input_file>
      <input_file id="fl-22">
         <path>C:\ti\ccsv5\tools\compiler\msp430_4.1.5\lib\</path>
         <kind>archive</kind>
         <file>rts430x_lc_sd_eabi.lib</file>
         <name>boot.obj</name>
      </input_file>
      <input_file id="fl-23">
         <path>C:\ti\ccsv5\tools\compiler\msp430_4.1.5\lib\</path>
         <kind>archive</kind>
         <file>rts430x_lc_sd_eabi.lib</file>
         <name>cmpd.obj</name>
      </input_file>
      <input_file id="fl-24">
         <path>C:\ti\ccsv5\tools\compiler\msp430_4.1.5\lib\</path>
         <kind>archive</kind>
         <file>rts430x_lc_sd_eabi.lib</file>
         <name>copy_decompress_none.obj</name>
      </input_file>
      <input_file id="fl-25">
         <path>C:\ti\ccsv5\tools\compiler\msp430_4.1.5\lib\</path>
         <kind>archive</kind>
         <file>rts430x_lc_sd_eabi.lib</file>
         <name>copy_decompress_rle.obj</name>
      </input_file>
      <input_file id="fl-26">
         <path>C:\ti\ccsv5\tools\compiler\msp430_4.1.5\lib\</path>
         <kind>archive</kind>
         <file>rts430x_lc_sd_eabi.lib</file>
         <name>copy_zero_init.obj</name>
      </input_file>
      <input_file id="fl-27">
         <path>C:\ti\ccsv5\tools\compiler\msp430_4.1.5\lib\</path>
         <kind>archive</kind>
         <file>rts430x_lc_sd_eabi.lib</file>
         <name>cpy_util.obj</name>
      </input_file>
      <input_file id="fl-28">
         <path>C:\ti\ccsv5\tools\compiler\msp430_4.1.5\lib\</path>
         <kind>archive</kind>
         <file>rts430x_lc_sd_eabi.lib</file>
         <name>cvtdf.obj</name>
      </input_file>
      <input_file id="fl-29">
         <path>C:\ti\ccsv5\tools\compiler\msp430_4.1.5\lib\</path>
         <kind>archive</kind>
         <file>rts430x_lc_sd_eabi.lib</file>
         <name>cvtfd.obj</name>
      </input_file>
      <input_file id="fl-2a">
         <path>C:\ti\ccsv5\tools\compiler\msp430_4.1.5\lib\</path>
         <kind>archive</kind>
         <file>rts430x_lc_sd_eabi.lib</file>
         <name>div16s.obj</name>
      </input_file>
      <input_file id="fl-2b">
         <path>C:\ti\ccsv5\tools\compiler\msp430_4.1.5\lib\</path>
         <kind>archive</kind>
         <file>rts430x_lc_sd_eabi.lib</file>
         <name>div16u.obj</name>
      </input_file>
      <input_file id="fl-2c">
         <path>C:\ti\ccsv5\tools\compiler\msp430_4.1.5\lib\</path>
         <kind>archive</kind>
         <file>rts430x_lc_sd_eabi.lib</file>
         <name>div32s.obj</name>
      </input_file>
      <input_file id="fl-2d">
         <path>C:\ti\ccsv5\tools\compiler\msp430_4.1.5\lib\</path>
         <kind>archive</kind>
         <file>rts430x_lc_sd_eabi.lib</file>
         <name>div32u.obj</name>
      </input_file>
      <input_file id="fl-2e">
         <path>C:\ti\ccsv5\tools\compiler\msp430_4.1.5\lib\</path>
         <kind>archive</kind>
         <file>rts430x_lc_sd_eabi.lib</file>
         <name>divd.obj</name>
      </input_file>
      <input_file id="fl-2f">
         <path>C:\ti\ccsv5\tools\compiler\msp430_4.1.5\lib\</path>
         <kind>archive</kind>
         <file>rts430x_lc_sd_eabi.lib</file>
         <name>exit.obj</name>
      </input_file>
      <input_file id="fl-30">
         <path>C:\ti\ccsv5\tools\compiler\msp430_4.1.5\lib\</path>
         <kind>archive</kind>
         <file>rts430x_lc_sd_eabi.lib</file>
         <name>fltid.obj</name>
      </input_file>
      <input_file id="fl-31">
         <path>C:\ti\ccsv5\tools\compiler\msp430_4.1.5\lib\</path>
         <kind>archive</kind>
         <file>rts430x_lc_sd_eabi.lib</file>
         <name>fltlid.obj</name>
      </input_file>
      <input_file id="fl-32">
         <path>C:\ti\ccsv5\tools\compiler\msp430_4.1.5\lib\</path>
         <kind>archive</kind>
         <file>rts430x_lc_sd_eabi.lib</file>
         <name>frcdivd.obj</name>
      </input_file>
      <input_file id="fl-33">
         <path>C:\ti\ccsv5\tools\compiler\msp430_4.1.5\lib\</path>
         <kind>archive</kind>
         <file>rts430x_lc_sd_eabi.lib</file>
         <name>fs_add.obj</name>
      </input_file>
      <input_file id="fl-34">
         <path>C:\ti\ccsv5\tools\compiler\msp430_4.1.5\lib\</path>
         <kind>archive</kind>
         <file>rts430x_lc_sd_eabi.lib</file>
         <name>fs_cmp.obj</name>
      </input_file>
      <input_file id="fl-35">
         <path>C:\ti\ccsv5\tools\compiler\msp430_4.1.5\lib\</path>
         <kind>archive</kind>
         <file>rts430x_lc_sd_eabi.lib</file>
         <name>fs_div.obj</name>
      </input_file>
      <input_file id="fl-36">
         <path>C:\ti\ccsv5\tools\compiler\msp430_4.1.5\lib\</path>
         <kind>archive</kind>
         <file>rts430x_lc_sd_eabi.lib</file>
         <name>fs_itof.obj</name>
      </input_file>
      <input_file id="fl-37">
         <path>C:\ti\ccsv5\tools\compiler\msp430_4.1.5\lib\</path>
         <kind>archive</kind>
         <file>rts430x_lc_sd_eabi.lib</file>
         <name>fs_ltof.obj</name>
      </input_file>
      <input_file id="fl-38">
         <path>C:\ti\ccsv5\tools\compiler\msp430_4.1.5\lib\</path>
         <kind>archive</kind>
         <file>rts430x_lc_sd_eabi.lib</file>
         <name>fs_mpy.obj</name>
      </input_file>
      <input_file id="fl-39">
         <path>C:\ti\ccsv5\tools\compiler\msp430_4.1.5\lib\</path>
         <kind>archive</kind>
         <file>rts430x_lc_sd_eabi.lib</file>
         <name>fs_toi.obj</name>
      </input_file>
      <input_file id="fl-3a">
         <path>C:\ti\ccsv5\tools\compiler\msp430_4.1.5\lib\</path>
         <kind>archive</kind>
         <file>rts430x_lc_sd_eabi.lib</file>
         <name>fs_tol.obj</name>
      </input_file>
      <input_file id="fl-3b">
         <path>C:\ti\ccsv5\tools\compiler\msp430_4.1.5\lib\</path>
         <kind>archive</kind>
         <file>rts430x_lc_sd_eabi.lib</file>
         <name>fs_tou.obj</name>
      </input_file>
      <input_file id="fl-3c">
         <path>C:\ti\ccsv5\tools\compiler\msp430_4.1.5\lib\</path>
         <kind>archive</kind>
         <file>rts430x_lc_sd_eabi.lib</file>
         <name>lsl32.obj</name>
      </input_file>
      <input_file id="fl-3d">
         <path>C:\ti\ccsv5\tools\compiler\msp430_4.1.5\lib\</path>
         <kind>archive</kind>
         <file>rts430x_lc_sd_eabi.lib</file>
         <name>lsr32.obj</name>
      </input_file>
      <input_file id="fl-3e">
         <path>C:\ti\ccsv5\tools\compiler\msp430_4.1.5\lib\</path>
         <kind>archive</kind>
         <file>rts430x_lc_sd_eabi.lib</file>
         <name>memcpy.obj</name>
      </input_file>
      <input_file id="fl-3f">
         <path>C:\ti\ccsv5\tools\compiler\msp430_4.1.5\lib\</path>
         <kind>archive</kind>
         <file>rts430x_lc_sd_eabi.lib</file>
         <name>mpyd.obj</name>
      </input_file>
      <input_file id="fl-40">
         <path>C:\ti\ccsv5\tools\compiler\msp430_4.1.5\lib\</path>
         <kind>archive</kind>
         <file>rts430x_lc_sd_eabi.lib</file>
         <name>mult16_f5hw.obj</name>
      </input_file>
      <input_file id="fl-41">
         <path>C:\ti\ccsv5\tools\compiler\msp430_4.1.5\lib\</path>
         <kind>archive</kind>
         <file>rts430x_lc_sd_eabi.lib</file>
         <name>mult32_f5hw.obj</name>
      </input_file>
      <input_file id="fl-42">
         <path>C:\ti\ccsv5\tools\compiler\msp430_4.1.5\lib\</path>
         <kind>archive</kind>
         <file>rts430x_lc_sd_eabi.lib</file>
         <name>pre_init.obj</name>
      </input_file>
      <input_file id="fl-43">
         <path>C:\ti\ccsv5\tools\compiler\msp430_4.1.5\lib\</path>
         <kind>archive</kind>
         <file>rts430x_lc_sd_eabi.lib</file>
         <name>_lock.obj</name>
      </input_file>
      <input_file id="fl-44">
         <path>C:\ti\ccsv5\tools\compiler\msp430_4.1.5\lib\</path>
         <kind>archive</kind>
         <file>rts430x_lc_sd_eabi.lib</file>
         <name>args_main.obj</name>
      </input_file>
      <input_file id="fl-45">
         <path>C:\ti\ccsv5\tools\compiler\msp430_4.1.5\lib\</path>
         <kind>archive</kind>
         <file>rts430x_lc_sd_eabi.lib</file>
         <name>asr32.obj</name>
      </input_file>
      <input_file id="fl-46">
         <path>C:\ti\ccsv5\tools\compiler\msp430_4.1.5\lib\</path>
         <kind>archive</kind>
         <file>rts430x_lc_sd_eabi.lib</file>
         <name>autoinit.obj</name>
      </input_file>
      <input_file id="fl-47">
         <path>C:\ti\ccsv5\tools\compiler\msp430_4.1.5\lib\</path>
         <kind>archive</kind>
         <file>rts430x_lc_sd_eabi.lib</file>
         <name>frcmpyd.obj</name>
      </input_file>
   </input_file_list>
   <object_component_list>
      <object_component id="oc-86">
         <name>.stack</name>
         <uninitialized>true</uninitialized>
         <run_address>0x5b60</run_address>
         <size>0x2</size>
         <input_file_ref idref="fl-22"/>
      </object_component>
      <object_component id="oc-28b">
         <name>.stack</name>
         <uninitialized>true</uninitialized>
         <run_address>0x5b60</run_address>
         <size>0x0</size>
      </object_component>
      <object_component id="oc-ca">
         <name>.text:clock_change</name>
         <load_address>0x5c84</load_address>
         <run_address>0x5c84</run_address>
         <size>0x44e</size>
         <input_file_ref idref="fl-4"/>
      </object_component>
      <object_component id="oc-136">
         <name>.text:_frcdivd</name>
         <load_address>0x60d2</load_address>
         <run_address>0x60d2</run_address>
         <size>0x444</size>
         <input_file_ref idref="fl-32"/>
      </object_component>
      <object_component id="oc-ff">
         <name>.text:Display</name>
         <load_address>0x6516</load_address>
         <run_address>0x6516</run_address>
         <size>0x3d2</size>
         <input_file_ref idref="fl-3"/>
      </object_component>
      <object_component id="oc-19d">
         <name>.text:key_event</name>
         <load_address>0x68e8</load_address>
         <run_address>0x68e8</run_address>
         <size>0x2fe</size>
         <input_file_ref idref="fl-2"/>
      </object_component>
      <object_component id="oc-131">
         <name>.text:_frcmpyd</name>
         <load_address>0x6be6</load_address>
         <run_address>0x6be6</run_address>
         <size>0x2da</size>
         <input_file_ref idref="fl-47"/>
      </object_component>
      <object_component id="oc-bb">
         <name>.text:__mspabi_mpyd</name>
         <load_address>0x6ec0</load_address>
         <run_address>0x6ec0</run_address>
         <size>0x244</size>
         <input_file_ref idref="fl-3f"/>
      </object_component>
      <object_component id="oc-bf">
         <name>.text:__mspabi_divd</name>
         <load_address>0x7104</load_address>
         <run_address>0x7104</run_address>
         <size>0x218</size>
         <input_file_ref idref="fl-2e"/>
      </object_component>
      <object_component id="oc-104">
         <name>.text:key_change</name>
         <load_address>0x731c</load_address>
         <run_address>0x731c</run_address>
         <size>0x15a</size>
         <input_file_ref idref="fl-2"/>
      </object_component>
      <object_component id="oc-112">
         <name>.text:__mspabi_cmpd</name>
         <load_address>0x7476</load_address>
         <run_address>0x7476</run_address>
         <size>0x134</size>
         <input_file_ref idref="fl-23"/>
      </object_component>
      <object_component id="oc-13e">
         <name>.text</name>
         <load_address>0x75aa</load_address>
         <run_address>0x75aa</run_address>
         <size>0x130</size>
         <input_file_ref idref="fl-33"/>
      </object_component>
      <object_component id="oc-90">
         <name>.text:main</name>
         <load_address>0x76da</load_address>
         <run_address>0x76da</run_address>
         <size>0xf6</size>
         <input_file_ref idref="fl-8"/>
      </object_component>
      <object_component id="oc-109">
         <name>.text:ADS1118A_Act</name>
         <load_address>0x77d0</load_address>
         <run_address>0x77d0</run_address>
         <size>0xdc</size>
         <input_file_ref idref="fl-7"/>
      </object_component>
      <object_component id="oc-aa">
         <name>.text:__TI_decompress_rle_core</name>
         <load_address>0x78ac</load_address>
         <run_address>0x78ac</run_address>
         <size>0xd6</size>
         <input_file_ref idref="fl-25"/>
      </object_component>
      <object_component id="oc-142">
         <name>.text</name>
         <load_address>0x7982</load_address>
         <run_address>0x7982</run_address>
         <size>0xb6</size>
         <input_file_ref idref="fl-38"/>
      </object_component>
      <object_component id="oc-c3">
         <name>.text:__mspabi_cvtdf</name>
         <load_address>0x7a38</load_address>
         <run_address>0x7a38</run_address>
         <size>0xa0</size>
         <input_file_ref idref="fl-28"/>
      </object_component>
      <object_component id="oc-b7">
         <name>.text:__mspabi_fltlid</name>
         <load_address>0x7ad8</load_address>
         <run_address>0x7ad8</run_address>
         <size>0xa0</size>
         <input_file_ref idref="fl-31"/>
      </object_component>
      <object_component id="oc-fa">
         <name>.text:Motor_Act</name>
         <load_address>0x7b78</load_address>
         <run_address>0x7b78</run_address>
         <size>0x96</size>
         <input_file_ref idref="fl-5"/>
      </object_component>
      <object_component id="oc-18e">
         <name>.text</name>
         <load_address>0x7c0e</load_address>
         <run_address>0x7c0e</run_address>
         <size>0x8e</size>
         <input_file_ref idref="fl-35"/>
      </object_component>
      <object_component id="oc-1fc">
         <name>.text:WriteSPI</name>
         <load_address>0x7c9c</load_address>
         <run_address>0x7c9c</run_address>
         <size>0x86</size>
         <input_file_ref idref="fl-7"/>
      </object_component>
      <object_component id="oc-14c">
         <name>.text</name>
         <load_address>0x7d22</load_address>
         <run_address>0x7d22</run_address>
         <size>0x7e</size>
         <input_file_ref idref="fl-3a"/>
      </object_component>
      <object_component id="oc-10e">
         <name>.text:__mspabi_cvtfd</name>
         <load_address>0x7da0</load_address>
         <run_address>0x7da0</run_address>
         <size>0x74</size>
         <input_file_ref idref="fl-29"/>
      </object_component>
      <object_component id="oc-8c">
         <name>.text:_auto_init</name>
         <load_address>0x7e14</load_address>
         <run_address>0x7e14</run_address>
         <size>0x6e</size>
         <input_file_ref idref="fl-46"/>
      </object_component>
      <object_component id="oc-146">
         <name>.text</name>
         <load_address>0x7e82</load_address>
         <run_address>0x7e82</run_address>
         <size>0x68</size>
         <input_file_ref idref="fl-39"/>
      </object_component>
      <object_component id="oc-1ed">
         <name>.text</name>
         <load_address>0x7eea</load_address>
         <run_address>0x7eea</run_address>
         <size>0x58</size>
         <input_file_ref idref="fl-2d"/>
      </object_component>
      <object_component id="oc-f2">
         <name>.text</name>
         <load_address>0x7f42</load_address>
         <run_address>0x7f42</run_address>
         <size>0x4a</size>
         <input_file_ref idref="fl-34"/>
      </object_component>
      <object_component id="oc-182">
         <name>.text</name>
         <load_address>0x7f8c</load_address>
         <run_address>0x7f8c</run_address>
         <size>0x4a</size>
         <input_file_ref idref="fl-37"/>
      </object_component>
      <object_component id="oc-e3">
         <name>.text:Ini_Lcd</name>
         <load_address>0x7fd6</load_address>
         <run_address>0x7fd6</run_address>
         <size>0x48</size>
         <input_file_ref idref="fl-3"/>
      </object_component>
      <object_component id="oc-17d">
         <name>.text:Write_Data</name>
         <load_address>0x801e</load_address>
         <run_address>0x801e</run_address>
         <size>0x48</size>
         <input_file_ref idref="fl-3"/>
      </object_component>
      <object_component id="oc-de">
         <name>.text:Motor_Init</name>
         <load_address>0x8066</load_address>
         <run_address>0x8066</run_address>
         <size>0x46</size>
         <input_file_ref idref="fl-5"/>
      </object_component>
      <object_component id="oc-16a">
         <name>.text</name>
         <load_address>0x80ac</load_address>
         <run_address>0x80ac</run_address>
         <size>0x46</size>
         <input_file_ref idref="fl-3b"/>
      </object_component>
      <object_component id="oc-15b">
         <name>.text:Write_Cmd</name>
         <load_address>0x80f2</load_address>
         <run_address>0x80f2</run_address>
         <size>0x44</size>
         <input_file_ref idref="fl-3"/>
      </object_component>
      <object_component id="oc-ed">
         <name>.text:ADS1118A_Init</name>
         <load_address>0x8136</load_address>
         <run_address>0x8136</run_address>
         <size>0x40</size>
         <input_file_ref idref="fl-7"/>
      </object_component>
      <object_component id="oc-9a">
         <name>.text:__memcpy_far</name>
         <load_address>0x8176</load_address>
         <run_address>0x8176</run_address>
         <size>0x40</size>
         <input_file_ref idref="fl-27"/>
      </object_component>
      <object_component id="oc-18a">
         <name>.text</name>
         <load_address>0x81b6</load_address>
         <run_address>0x81b6</run_address>
         <size>0x40</size>
         <input_file_ref idref="fl-2c"/>
      </object_component>
      <object_component id="oc-1b5">
         <name>.text:l_asr_const</name>
         <load_address>0x81f6</load_address>
         <run_address>0x81f6</run_address>
         <size>0x3e</size>
         <input_file_ref idref="fl-45"/>
      </object_component>
      <object_component id="oc-123">
         <name>.text:l_lsl_const</name>
         <load_address>0x8234</load_address>
         <run_address>0x8234</run_address>
         <size>0x3e</size>
         <input_file_ref idref="fl-3c"/>
      </object_component>
      <object_component id="oc-127">
         <name>.text:l_lsr_const</name>
         <load_address>0x8272</load_address>
         <run_address>0x8272</run_address>
         <size>0x3e</size>
         <input_file_ref idref="fl-3d"/>
      </object_component>
      <object_component id="oc-6e">
         <name>.text:decompress:none:__TI_decompress_none</name>
         <load_address>0x82b0</load_address>
         <run_address>0x82b0</run_address>
         <size>0x3c</size>
         <input_file_ref idref="fl-24"/>
      </object_component>
      <object_component id="oc-72">
         <name>.text:decompress:ZI:__TI_zero_init</name>
         <load_address>0x82ec</load_address>
         <run_address>0x82ec</run_address>
         <size>0x38</size>
         <input_file_ref idref="fl-26"/>
      </object_component>
      <object_component id="oc-f6">
         <name>.text</name>
         <load_address>0x8324</load_address>
         <run_address>0x8324</run_address>
         <size>0x36</size>
         <input_file_ref idref="fl-36"/>
      </object_component>
      <object_component id="oc-e8">
         <name>.text:ADC_Init</name>
         <load_address>0x835a</load_address>
         <run_address>0x835a</run_address>
         <size>0x32</size>
         <input_file_ref idref="fl-6"/>
      </object_component>
      <object_component id="oc-192">
         <name>.text</name>
         <load_address>0x838c</load_address>
         <run_address>0x838c</run_address>
         <size>0x2c</size>
         <input_file_ref idref="fl-2a"/>
      </object_component>
      <object_component id="oc-1a3">
         <name>.text:ADS_Config</name>
         <load_address>0x83b8</load_address>
         <run_address>0x83b8</run_address>
         <size>0x28</size>
         <input_file_ref idref="fl-7"/>
      </object_component>
      <object_component id="oc-186">
         <name>.text</name>
         <load_address>0x83e0</load_address>
         <run_address>0x83e0</run_address>
         <size>0x22</size>
         <input_file_ref idref="fl-41"/>
      </object_component>
      <object_component id="oc-1f3">
         <name>.text</name>
         <load_address>0x8402</load_address>
         <run_address>0x8402</run_address>
         <size>0x16</size>
         <input_file_ref idref="fl-2b"/>
      </object_component>
      <object_component id="oc-1bf">
         <name>.text</name>
         <load_address>0x8418</load_address>
         <run_address>0x8418</run_address>
         <size>0x16</size>
         <input_file_ref idref="fl-40"/>
      </object_component>
      <object_component id="oc-1a8">
         <name>.text:ADS_Read</name>
         <load_address>0x842e</load_address>
         <run_address>0x842e</run_address>
         <size>0x12</size>
         <input_file_ref idref="fl-7"/>
      </object_component>
      <object_component id="oc-171">
         <name>.text:memcpy</name>
         <load_address>0x8440</load_address>
         <run_address>0x8440</run_address>
         <size>0x12</size>
         <input_file_ref idref="fl-3e"/>
      </object_component>
      <object_component id="oc-160">
         <name>.text:Delay_1ms</name>
         <load_address>0x8452</load_address>
         <run_address>0x8452</run_address>
         <size>0x10</size>
         <input_file_ref idref="fl-3"/>
      </object_component>
      <object_component id="oc-76">
         <name>.text:decompress:rle24:__TI_decompress_rle24</name>
         <load_address>0x8462</load_address>
         <run_address>0x8462</run_address>
         <size>0xe</size>
         <input_file_ref idref="fl-25"/>
      </object_component>
      <object_component id="oc-1ad">
         <name>.text:__mspabi_fltid</name>
         <load_address>0x8470</load_address>
         <run_address>0x8470</run_address>
         <size>0xc</size>
         <input_file_ref idref="fl-30"/>
      </object_component>
      <object_component id="oc-88">
         <name>.text:_system_pre_init</name>
         <load_address>0x847c</load_address>
         <run_address>0x847c</run_address>
         <size>0x4</size>
         <input_file_ref idref="fl-42"/>
      </object_component>
      <object_component id="oc-95">
         <name>.text:abort</name>
         <load_address>0x8480</load_address>
         <run_address>0x8480</run_address>
         <size>0x4</size>
         <input_file_ref idref="fl-2f"/>
      </object_component>
      <object_component id="oc-7a">
         <name>.text:_isr:ADC12ISR</name>
         <load_address>0x5c00</load_address>
         <run_address>0x5c00</run_address>
         <size>0x60</size>
         <input_file_ref idref="fl-6"/>
      </object_component>
      <object_component id="oc-69">
         <name>.text:_isr:_c_int00_noexit</name>
         <load_address>0x5c60</load_address>
         <run_address>0x5c60</run_address>
         <size>0x1a</size>
         <input_file_ref idref="fl-22"/>
      </object_component>
      <object_component id="oc-80">
         <name>.text:_isr:TIMER0_A0</name>
         <load_address>0x5c7a</load_address>
         <run_address>0x5c7a</run_address>
         <size>0xa</size>
         <input_file_ref idref="fl-8"/>
      </object_component>
      <object_component id="oc-28a">
         <name>.cinit..data.load</name>
         <load_address>0x84ae</load_address>
         <run_address>0x84ae</run_address>
         <size>0xf</size>
      </object_component>
      <object_component id="oc-287">
         <name>__TI_handler_table</name>
         <load_address>0x84be</load_address>
         <run_address>0x84be</run_address>
         <size>0xc</size>
      </object_component>
      <object_component id="oc-289">
         <name>.cinit..bss.load</name>
         <load_address>0x84ca</load_address>
         <run_address>0x84ca</run_address>
         <size>0x6</size>
      </object_component>
      <object_component id="oc-288">
         <name>__TI_cinit_table</name>
         <load_address>0x84d0</load_address>
         <run_address>0x84d0</run_address>
         <size>0x10</size>
      </object_component>
      <object_component id="oc-175">
         <name>.const:.string:$P$T1$2</name>
         <load_address>0x8484</load_address>
         <run_address>0x8484</run_address>
         <size>0x9</size>
         <input_file_ref idref="fl-3"/>
      </object_component>
      <object_component id="oc-17b">
         <name>.const:.string:$P$T4$5</name>
         <load_address>0x848e</load_address>
         <run_address>0x848e</run_address>
         <size>0x9</size>
         <input_file_ref idref="fl-3"/>
      </object_component>
      <object_component id="oc-179">
         <name>.const:.string:$P$T3$4</name>
         <load_address>0x8498</load_address>
         <run_address>0x8498</run_address>
         <size>0x8</size>
         <input_file_ref idref="fl-3"/>
      </object_component>
      <object_component id="oc-177">
         <name>.const:.string:$P$T2$3</name>
         <load_address>0x84a0</load_address>
         <run_address>0x84a0</run_address>
         <size>0x7</size>
         <input_file_ref idref="fl-3"/>
      </object_component>
      <object_component id="oc-16f">
         <name>.const:.string:$P$T0$1</name>
         <load_address>0x84a8</load_address>
         <run_address>0x84a8</run_address>
         <size>0x5</size>
         <input_file_ref idref="fl-3"/>
      </object_component>
      <object_component id="oc-81">
         <name>.int54</name>
         <load_address>0xffec</load_address>
         <run_address>0xffec</run_address>
         <size>0x2</size>
         <input_file_ref idref="fl-8"/>
      </object_component>
      <object_component id="oc-7b">
         <name>.int55</name>
         <load_address>0xffee</load_address>
         <run_address>0xffee</run_address>
         <size>0x2</size>
         <input_file_ref idref="fl-6"/>
      </object_component>
      <object_component id="oc-6a">
         <name>.reset</name>
         <load_address>0xfffe</load_address>
         <run_address>0xfffe</run_address>
         <size>0x2</size>
         <input_file_ref idref="fl-22"/>
      </object_component>
      <object_component id="oc-b5">
         <name>.bss</name>
         <uninitialized>true</uninitialized>
         <run_address>0x1dde</run_address>
         <size>0x8</size>
         <input_file_ref idref="fl-6"/>
      </object_component>
      <object_component id="oc-1b1">
         <name>.bss</name>
         <uninitialized>true</uninitialized>
         <run_address>0x1dd4</run_address>
         <size>0xa</size>
         <input_file_ref idref="fl-7"/>
      </object_component>
      <object_component id="oc-1fa">
         <name>.bss</name>
         <uninitialized>true</uninitialized>
         <run_address>0x1de6</run_address>
         <size>0x4</size>
         <input_file_ref idref="fl-2"/>
      </object_component>
      <object_component id="oc-c7">
         <name>.data</name>
         <load_address>0x1d90</load_address>
         <run_address>0x1d90</run_address>
         <size>0x34</size>
         <input_file_ref idref="fl-8"/>
      </object_component>
      <object_component id="oc-14a">
         <name>.data</name>
         <load_address>0x1dce</load_address>
         <run_address>0x1dce</run_address>
         <size>0x6</size>
         <input_file_ref idref="fl-4"/>
      </object_component>
      <object_component id="oc-150">
         <name>.data:ceshi</name>
         <load_address>0x1c00</load_address>
         <run_address>0x1c00</run_address>
         <size>0x190</size>
         <input_file_ref idref="fl-4"/>
      </object_component>
      <object_component id="oc-152">
         <name>.data:Pursuit_time</name>
         <load_address>0x1dc4</load_address>
         <run_address>0x1dc4</run_address>
         <size>0xa</size>
         <input_file_ref idref="fl-8"/>
      </object_component>
      <object_component id="oc-6b">
         <name>.debug_info</name>
         <load_address>0x0</load_address>
         <run_address>0x0</run_address>
         <size>0x129</size>
         <input_file_ref idref="fl-22"/>
      </object_component>
      <object_component id="oc-6f">
         <name>.debug_info</name>
         <load_address>0x129</load_address>
         <run_address>0x129</run_address>
         <size>0x16e</size>
         <input_file_ref idref="fl-24"/>
      </object_component>
      <object_component id="oc-73">
         <name>.debug_info</name>
         <load_address>0x297</load_address>
         <run_address>0x297</run_address>
         <size>0x1a6</size>
         <input_file_ref idref="fl-26"/>
      </object_component>
      <object_component id="oc-77">
         <name>.debug_info</name>
         <load_address>0x43d</load_address>
         <run_address>0x43d</run_address>
         <size>0x179</size>
         <input_file_ref idref="fl-25"/>
      </object_component>
      <object_component id="oc-7c">
         <name>.debug_info</name>
         <load_address>0x5b6</load_address>
         <run_address>0x5b6</run_address>
         <size>0x181</size>
         <input_file_ref idref="fl-6"/>
      </object_component>
      <object_component id="oc-82">
         <name>.debug_info</name>
         <load_address>0x737</load_address>
         <run_address>0x737</run_address>
         <size>0x109</size>
         <input_file_ref idref="fl-8"/>
      </object_component>
      <object_component id="oc-87">
         <name>.debug_info</name>
         <load_address>0x840</load_address>
         <run_address>0x840</run_address>
         <size>0xaa</size>
         <input_file_ref idref="fl-22"/>
      </object_component>
      <object_component id="oc-89">
         <name>.debug_info</name>
         <load_address>0x8ea</load_address>
         <run_address>0x8ea</run_address>
         <size>0x101</size>
         <input_file_ref idref="fl-42"/>
      </object_component>
      <object_component id="oc-8d">
         <name>.debug_info</name>
         <load_address>0x9eb</load_address>
         <run_address>0x9eb</run_address>
         <size>0x1b0</size>
         <input_file_ref idref="fl-46"/>
      </object_component>
      <object_component id="oc-91">
         <name>.debug_info</name>
         <load_address>0xb9b</load_address>
         <run_address>0xb9b</run_address>
         <size>0x2d1</size>
         <input_file_ref idref="fl-8"/>
      </object_component>
      <object_component id="oc-96">
         <name>.debug_info</name>
         <load_address>0xe6c</load_address>
         <run_address>0xe6c</run_address>
         <size>0x121</size>
         <input_file_ref idref="fl-2f"/>
      </object_component>
      <object_component id="oc-9b">
         <name>.debug_info</name>
         <load_address>0xf8d</load_address>
         <run_address>0xf8d</run_address>
         <size>0xce</size>
         <input_file_ref idref="fl-27"/>
      </object_component>
      <object_component id="oc-9f">
         <name>.debug_info</name>
         <load_address>0x105b</load_address>
         <run_address>0x105b</run_address>
         <size>0x46</size>
         <input_file_ref idref="fl-24"/>
      </object_component>
      <object_component id="oc-a5">
         <name>.debug_info</name>
         <load_address>0x10a1</load_address>
         <run_address>0x10a1</run_address>
         <size>0x46</size>
         <input_file_ref idref="fl-26"/>
      </object_component>
      <object_component id="oc-ab">
         <name>.debug_info</name>
         <load_address>0x10e7</load_address>
         <run_address>0x10e7</run_address>
         <size>0x372</size>
         <input_file_ref idref="fl-25"/>
      </object_component>
      <object_component id="oc-af">
         <name>.debug_info</name>
         <load_address>0x1459</load_address>
         <run_address>0x1459</run_address>
         <size>0x184</size>
         <input_file_ref idref="fl-25"/>
      </object_component>
      <object_component id="oc-b0">
         <name>.debug_info</name>
         <load_address>0x15dd</load_address>
         <run_address>0x15dd</run_address>
         <size>0x39</size>
         <input_file_ref idref="fl-25"/>
      </object_component>
      <object_component id="oc-b6">
         <name>.debug_info</name>
         <load_address>0x1616</load_address>
         <run_address>0x1616</run_address>
         <size>0xea</size>
         <input_file_ref idref="fl-6"/>
      </object_component>
      <object_component id="oc-b8">
         <name>.debug_info</name>
         <load_address>0x1700</load_address>
         <run_address>0x1700</run_address>
         <size>0x1a4</size>
         <input_file_ref idref="fl-31"/>
      </object_component>
      <object_component id="oc-bc">
         <name>.debug_info</name>
         <load_address>0x18a4</load_address>
         <run_address>0x18a4</run_address>
         <size>0x138</size>
         <input_file_ref idref="fl-3f"/>
      </object_component>
      <object_component id="oc-c0">
         <name>.debug_info</name>
         <load_address>0x19dc</load_address>
         <run_address>0x19dc</run_address>
         <size>0x138</size>
         <input_file_ref idref="fl-2e"/>
      </object_component>
      <object_component id="oc-c4">
         <name>.debug_info</name>
         <load_address>0x1b14</load_address>
         <run_address>0x1b14</run_address>
         <size>0x120</size>
         <input_file_ref idref="fl-28"/>
      </object_component>
      <object_component id="oc-c8">
         <name>.debug_info</name>
         <load_address>0x1c34</load_address>
         <run_address>0x1c34</run_address>
         <size>0x2ed</size>
         <input_file_ref idref="fl-8"/>
      </object_component>
      <object_component id="oc-cb">
         <name>.debug_info</name>
         <load_address>0x1f21</load_address>
         <run_address>0x1f21</run_address>
         <size>0x24f</size>
         <input_file_ref idref="fl-4"/>
      </object_component>
      <object_component id="oc-d2">
         <name>.debug_info</name>
         <load_address>0x2170</load_address>
         <run_address>0x2170</run_address>
         <size>0x89</size>
         <input_file_ref idref="fl-22"/>
      </object_component>
      <object_component id="oc-d8">
         <name>.debug_info</name>
         <load_address>0x21f9</load_address>
         <run_address>0x21f9</run_address>
         <size>0x84</size>
         <input_file_ref idref="fl-24"/>
      </object_component>
      <object_component id="oc-df">
         <name>.debug_info</name>
         <load_address>0x227d</load_address>
         <run_address>0x227d</run_address>
         <size>0x106</size>
         <input_file_ref idref="fl-5"/>
      </object_component>
      <object_component id="oc-e4">
         <name>.debug_info</name>
         <load_address>0x2383</load_address>
         <run_address>0x2383</run_address>
         <size>0x1b9</size>
         <input_file_ref idref="fl-3"/>
      </object_component>
      <object_component id="oc-e9">
         <name>.debug_info</name>
         <load_address>0x253c</load_address>
         <run_address>0x253c</run_address>
         <size>0x117</size>
         <input_file_ref idref="fl-6"/>
      </object_component>
      <object_component id="oc-ee">
         <name>.debug_info</name>
         <load_address>0x2653</load_address>
         <run_address>0x2653</run_address>
         <size>0x115</size>
         <input_file_ref idref="fl-7"/>
      </object_component>
      <object_component id="oc-f3">
         <name>.debug_info</name>
         <load_address>0x2768</load_address>
         <run_address>0x2768</run_address>
         <size>0xe1</size>
         <input_file_ref idref="fl-34"/>
      </object_component>
      <object_component id="oc-f7">
         <name>.debug_info</name>
         <load_address>0x2849</load_address>
         <run_address>0x2849</run_address>
         <size>0xde</size>
         <input_file_ref idref="fl-36"/>
      </object_component>
      <object_component id="oc-fb">
         <name>.debug_info</name>
         <load_address>0x2927</load_address>
         <run_address>0x2927</run_address>
         <size>0x1ce</size>
         <input_file_ref idref="fl-5"/>
      </object_component>
      <object_component id="oc-100">
         <name>.debug_info</name>
         <load_address>0x2af5</load_address>
         <run_address>0x2af5</run_address>
         <size>0xa8f</size>
         <input_file_ref idref="fl-3"/>
      </object_component>
      <object_component id="oc-105">
         <name>.debug_info</name>
         <load_address>0x3584</load_address>
         <run_address>0x3584</run_address>
         <size>0x1b1</size>
         <input_file_ref idref="fl-2"/>
      </object_component>
      <object_component id="oc-10a">
         <name>.debug_info</name>
         <load_address>0x3735</load_address>
         <run_address>0x3735</run_address>
         <size>0x22d</size>
         <input_file_ref idref="fl-7"/>
      </object_component>
      <object_component id="oc-10f">
         <name>.debug_info</name>
         <load_address>0x3962</load_address>
         <run_address>0x3962</run_address>
         <size>0x11a</size>
         <input_file_ref idref="fl-29"/>
      </object_component>
      <object_component id="oc-113">
         <name>.debug_info</name>
         <load_address>0x3a7c</load_address>
         <run_address>0x3a7c</run_address>
         <size>0x129</size>
         <input_file_ref idref="fl-23"/>
      </object_component>
      <object_component id="oc-11e">
         <name>.debug_info</name>
         <load_address>0x3ba5</load_address>
         <run_address>0x3ba5</run_address>
         <size>0x89</size>
         <input_file_ref idref="fl-2"/>
      </object_component>
      <object_component id="oc-124">
         <name>.debug_info</name>
         <load_address>0x3c2e</load_address>
         <run_address>0x3c2e</run_address>
         <size>0xda</size>
         <input_file_ref idref="fl-3c"/>
      </object_component>
      <object_component id="oc-128">
         <name>.debug_info</name>
         <load_address>0x3d08</load_address>
         <run_address>0x3d08</run_address>
         <size>0xda</size>
         <input_file_ref idref="fl-3d"/>
      </object_component>
      <object_component id="oc-12c">
         <name>.debug_info</name>
         <load_address>0x3de2</load_address>
         <run_address>0x3de2</run_address>
         <size>0x8b</size>
         <input_file_ref idref="fl-23"/>
      </object_component>
      <object_component id="oc-132">
         <name>.debug_info</name>
         <load_address>0x3e6d</load_address>
         <run_address>0x3e6d</run_address>
         <size>0x2c1</size>
         <input_file_ref idref="fl-47"/>
      </object_component>
      <object_component id="oc-137">
         <name>.debug_info</name>
         <load_address>0x412e</load_address>
         <run_address>0x412e</run_address>
         <size>0x4aa</size>
         <input_file_ref idref="fl-32"/>
      </object_component>
      <object_component id="oc-13f">
         <name>.debug_info</name>
         <load_address>0x45d8</load_address>
         <run_address>0x45d8</run_address>
         <size>0xd5</size>
         <input_file_ref idref="fl-33"/>
      </object_component>
      <object_component id="oc-143">
         <name>.debug_info</name>
         <load_address>0x46ad</load_address>
         <run_address>0x46ad</run_address>
         <size>0xd5</size>
         <input_file_ref idref="fl-38"/>
      </object_component>
      <object_component id="oc-147">
         <name>.debug_info</name>
         <load_address>0x4782</load_address>
         <run_address>0x4782</run_address>
         <size>0xe9</size>
         <input_file_ref idref="fl-39"/>
      </object_component>
      <object_component id="oc-14b">
         <name>.debug_info</name>
         <load_address>0x486b</load_address>
         <run_address>0x486b</run_address>
         <size>0x111</size>
         <input_file_ref idref="fl-4"/>
      </object_component>
      <object_component id="oc-14d">
         <name>.debug_info</name>
         <load_address>0x497c</load_address>
         <run_address>0x497c</run_address>
         <size>0xeb</size>
         <input_file_ref idref="fl-3a"/>
      </object_component>
      <object_component id="oc-151">
         <name>.debug_info</name>
         <load_address>0x4a67</load_address>
         <run_address>0x4a67</run_address>
         <size>0xc8</size>
         <input_file_ref idref="fl-4"/>
      </object_component>
      <object_component id="oc-153">
         <name>.debug_info</name>
         <load_address>0x4b2f</load_address>
         <run_address>0x4b2f</run_address>
         <size>0xd1</size>
         <input_file_ref idref="fl-8"/>
      </object_component>
      <object_component id="oc-155">
         <name>.debug_info</name>
         <load_address>0x4c00</load_address>
         <run_address>0x4c00</run_address>
         <size>0x84</size>
         <input_file_ref idref="fl-4"/>
      </object_component>
      <object_component id="oc-15c">
         <name>.debug_info</name>
         <load_address>0x4c84</load_address>
         <run_address>0x4c84</run_address>
         <size>0x1ab</size>
         <input_file_ref idref="fl-3"/>
      </object_component>
      <object_component id="oc-161">
         <name>.debug_info</name>
         <load_address>0x4e2f</load_address>
         <run_address>0x4e2f</run_address>
         <size>0x181</size>
         <input_file_ref idref="fl-3"/>
      </object_component>
      <object_component id="oc-16b">
         <name>.debug_info</name>
         <load_address>0x4fb0</load_address>
         <run_address>0x4fb0</run_address>
         <size>0xe3</size>
         <input_file_ref idref="fl-3b"/>
      </object_component>
      <object_component id="oc-170">
         <name>.debug_info</name>
         <load_address>0x5093</load_address>
         <run_address>0x5093</run_address>
         <size>0xce</size>
         <input_file_ref idref="fl-3"/>
      </object_component>
      <object_component id="oc-172">
         <name>.debug_info</name>
         <load_address>0x5161</load_address>
         <run_address>0x5161</run_address>
         <size>0x160</size>
         <input_file_ref idref="fl-3e"/>
      </object_component>
      <object_component id="oc-176">
         <name>.debug_info</name>
         <load_address>0x52c1</load_address>
         <run_address>0x52c1</run_address>
         <size>0xce</size>
         <input_file_ref idref="fl-3"/>
      </object_component>
      <object_component id="oc-178">
         <name>.debug_info</name>
         <load_address>0x538f</load_address>
         <run_address>0x538f</run_address>
         <size>0xce</size>
         <input_file_ref idref="fl-3"/>
      </object_component>
      <object_component id="oc-17a">
         <name>.debug_info</name>
         <load_address>0x545d</load_address>
         <run_address>0x545d</run_address>
         <size>0xce</size>
         <input_file_ref idref="fl-3"/>
      </object_component>
      <object_component id="oc-17c">
         <name>.debug_info</name>
         <load_address>0x552b</load_address>
         <run_address>0x552b</run_address>
         <size>0xce</size>
         <input_file_ref idref="fl-3"/>
      </object_component>
      <object_component id="oc-17e">
         <name>.debug_info</name>
         <load_address>0x55f9</load_address>
         <run_address>0x55f9</run_address>
         <size>0x1ad</size>
         <input_file_ref idref="fl-3"/>
      </object_component>
      <object_component id="oc-183">
         <name>.debug_info</name>
         <load_address>0x57a6</load_address>
         <run_address>0x57a6</run_address>
         <size>0xe0</size>
         <input_file_ref idref="fl-37"/>
      </object_component>
      <object_component id="oc-187">
         <name>.debug_info</name>
         <load_address>0x5886</load_address>
         <run_address>0x5886</run_address>
         <size>0xe4</size>
         <input_file_ref idref="fl-41"/>
      </object_component>
      <object_component id="oc-18b">
         <name>.debug_info</name>
         <load_address>0x596a</load_address>
         <run_address>0x596a</run_address>
         <size>0xec</size>
         <input_file_ref idref="fl-2c"/>
      </object_component>
      <object_component id="oc-18f">
         <name>.debug_info</name>
         <load_address>0x5a56</load_address>
         <run_address>0x5a56</run_address>
         <size>0xd5</size>
         <input_file_ref idref="fl-35"/>
      </object_component>
      <object_component id="oc-193">
         <name>.debug_info</name>
         <load_address>0x5b2b</load_address>
         <run_address>0x5b2b</run_address>
         <size>0xe9</size>
         <input_file_ref idref="fl-2a"/>
      </object_component>
      <object_component id="oc-197">
         <name>.debug_info</name>
         <load_address>0x5c14</load_address>
         <run_address>0x5c14</run_address>
         <size>0x90</size>
         <input_file_ref idref="fl-3"/>
      </object_component>
      <object_component id="oc-19c">
         <name>.debug_info</name>
         <load_address>0x5ca4</load_address>
         <run_address>0x5ca4</run_address>
         <size>0x34a</size>
         <input_file_ref idref="fl-3"/>
      </object_component>
      <object_component id="oc-19e">
         <name>.debug_info</name>
         <load_address>0x5fee</load_address>
         <run_address>0x5fee</run_address>
         <size>0x188</size>
         <input_file_ref idref="fl-2"/>
      </object_component>
      <object_component id="oc-1a4">
         <name>.debug_info</name>
         <load_address>0x6176</load_address>
         <run_address>0x6176</run_address>
         <size>0x149</size>
         <input_file_ref idref="fl-7"/>
      </object_component>
      <object_component id="oc-1a9">
         <name>.debug_info</name>
         <load_address>0x62bf</load_address>
         <run_address>0x62bf</run_address>
         <size>0x13f</size>
         <input_file_ref idref="fl-7"/>
      </object_component>
      <object_component id="oc-1ae">
         <name>.debug_info</name>
         <load_address>0x63fe</load_address>
         <run_address>0x63fe</run_address>
         <size>0x114</size>
         <input_file_ref idref="fl-30"/>
      </object_component>
      <object_component id="oc-1b2">
         <name>.debug_info</name>
         <load_address>0x6512</load_address>
         <run_address>0x6512</run_address>
         <size>0x119</size>
         <input_file_ref idref="fl-7"/>
      </object_component>
      <object_component id="oc-1b4">
         <name>.debug_info</name>
         <load_address>0x662b</load_address>
         <run_address>0x662b</run_address>
         <size>0x2ae</size>
         <input_file_ref idref="fl-7"/>
      </object_component>
      <object_component id="oc-1b6">
         <name>.debug_info</name>
         <load_address>0x68d9</load_address>
         <run_address>0x68d9</run_address>
         <size>0xda</size>
         <input_file_ref idref="fl-45"/>
      </object_component>
      <object_component id="oc-1be">
         <name>.debug_info</name>
         <load_address>0x69b3</load_address>
         <run_address>0x69b3</run_address>
         <size>0x11c</size>
         <input_file_ref idref="fl-47"/>
      </object_component>
      <object_component id="oc-1c0">
         <name>.debug_info</name>
         <load_address>0x6acf</load_address>
         <run_address>0x6acf</run_address>
         <size>0xe4</size>
         <input_file_ref idref="fl-40"/>
      </object_component>
      <object_component id="oc-1c4">
         <name>.debug_info</name>
         <load_address>0x6bb3</load_address>
         <run_address>0x6bb3</run_address>
         <size>0x11c</size>
         <input_file_ref idref="fl-32"/>
      </object_component>
      <object_component id="oc-1cd">
         <name>.debug_info</name>
         <load_address>0x6ccf</load_address>
         <run_address>0x6ccf</run_address>
         <size>0x346</size>
         <input_file_ref idref="fl-4"/>
      </object_component>
      <object_component id="oc-1d0">
         <name>.debug_info</name>
         <load_address>0x7015</load_address>
         <run_address>0x7015</run_address>
         <size>0x2f7</size>
         <input_file_ref idref="fl-8"/>
      </object_component>
      <object_component id="oc-1d2">
         <name>.debug_info</name>
         <load_address>0x730c</load_address>
         <run_address>0x730c</run_address>
         <size>0x39</size>
         <input_file_ref idref="fl-3"/>
      </object_component>
      <object_component id="oc-1dc">
         <name>.debug_info</name>
         <load_address>0x7345</load_address>
         <run_address>0x7345</run_address>
         <size>0x112</size>
         <input_file_ref idref="fl-3e"/>
      </object_component>
      <object_component id="oc-1dd">
         <name>.debug_info</name>
         <load_address>0x7457</load_address>
         <run_address>0x7457</run_address>
         <size>0x2c</size>
         <input_file_ref idref="fl-25"/>
      </object_component>
      <object_component id="oc-1ee">
         <name>.debug_info</name>
         <load_address>0x7483</load_address>
         <run_address>0x7483</run_address>
         <size>0xd7</size>
         <input_file_ref idref="fl-2d"/>
      </object_component>
      <object_component id="oc-1f4">
         <name>.debug_info</name>
         <load_address>0x755a</load_address>
         <run_address>0x755a</run_address>
         <size>0xd5</size>
         <input_file_ref idref="fl-2b"/>
      </object_component>
      <object_component id="oc-1fd">
         <name>.debug_info</name>
         <load_address>0x762f</load_address>
         <run_address>0x762f</run_address>
         <size>0x4c3</size>
         <input_file_ref idref="fl-7"/>
      </object_component>
      <object_component id="oc-20b">
         <name>.debug_info</name>
         <load_address>0x7af2</load_address>
         <run_address>0x7af2</run_address>
         <size>0x109</size>
         <input_file_ref idref="fl-23"/>
      </object_component>
      <object_component id="oc-219">
         <name>.debug_info</name>
         <load_address>0x7bfb</load_address>
         <run_address>0x7bfb</run_address>
         <size>0x90</size>
         <input_file_ref idref="fl-3e"/>
      </object_component>
      <object_component id="oc-28d">
         <name>.debug_info</name>
         <load_address>0x7c8b</load_address>
         <run_address>0x7c8b</run_address>
         <size>0x9f</size>
      </object_component>
      <object_component id="oc-6c">
         <name>.debug_line</name>
         <load_address>0x0</load_address>
         <run_address>0x0</run_address>
         <size>0x3b</size>
         <input_file_ref idref="fl-22"/>
      </object_component>
      <object_component id="oc-70">
         <name>.debug_line</name>
         <load_address>0x3b</load_address>
         <run_address>0x3b</run_address>
         <size>0x4f</size>
         <input_file_ref idref="fl-24"/>
      </object_component>
      <object_component id="oc-74">
         <name>.debug_line</name>
         <load_address>0x8a</load_address>
         <run_address>0x8a</run_address>
         <size>0x4a</size>
         <input_file_ref idref="fl-26"/>
      </object_component>
      <object_component id="oc-78">
         <name>.debug_line</name>
         <load_address>0xd4</load_address>
         <run_address>0xd4</run_address>
         <size>0x4a</size>
         <input_file_ref idref="fl-25"/>
      </object_component>
      <object_component id="oc-7d">
         <name>.debug_line</name>
         <load_address>0x11e</load_address>
         <run_address>0x11e</run_address>
         <size>0x50</size>
         <input_file_ref idref="fl-6"/>
      </object_component>
      <object_component id="oc-83">
         <name>.debug_line</name>
         <load_address>0x16e</load_address>
         <run_address>0x16e</run_address>
         <size>0x40</size>
         <input_file_ref idref="fl-8"/>
      </object_component>
      <object_component id="oc-8a">
         <name>.debug_line</name>
         <load_address>0x1ae</load_address>
         <run_address>0x1ae</run_address>
         <size>0x3c</size>
         <input_file_ref idref="fl-42"/>
      </object_component>
      <object_component id="oc-8e">
         <name>.debug_line</name>
         <load_address>0x1ea</load_address>
         <run_address>0x1ea</run_address>
         <size>0x50</size>
         <input_file_ref idref="fl-46"/>
      </object_component>
      <object_component id="oc-92">
         <name>.debug_line</name>
         <load_address>0x23a</load_address>
         <run_address>0x23a</run_address>
         <size>0x67</size>
         <input_file_ref idref="fl-8"/>
      </object_component>
      <object_component id="oc-97">
         <name>.debug_line</name>
         <load_address>0x2a1</load_address>
         <run_address>0x2a1</run_address>
         <size>0x38</size>
         <input_file_ref idref="fl-2f"/>
      </object_component>
      <object_component id="oc-9c">
         <name>.debug_line</name>
         <load_address>0x2d9</load_address>
         <run_address>0x2d9</run_address>
         <size>0x52</size>
         <input_file_ref idref="fl-27"/>
      </object_component>
      <object_component id="oc-a1">
         <name>.debug_line</name>
         <load_address>0x32b</load_address>
         <run_address>0x32b</run_address>
         <size>0x3a</size>
         <input_file_ref idref="fl-24"/>
      </object_component>
      <object_component id="oc-a7">
         <name>.debug_line</name>
         <load_address>0x365</load_address>
         <run_address>0x365</run_address>
         <size>0x34</size>
         <input_file_ref idref="fl-26"/>
      </object_component>
      <object_component id="oc-ac">
         <name>.debug_line</name>
         <load_address>0x399</load_address>
         <run_address>0x399</run_address>
         <size>0x56</size>
         <input_file_ref idref="fl-25"/>
      </object_component>
      <object_component id="oc-b2">
         <name>.debug_line</name>
         <load_address>0x3ef</load_address>
         <run_address>0x3ef</run_address>
         <size>0x39</size>
         <input_file_ref idref="fl-25"/>
      </object_component>
      <object_component id="oc-b9">
         <name>.debug_line</name>
         <load_address>0x428</load_address>
         <run_address>0x428</run_address>
         <size>0x40</size>
         <input_file_ref idref="fl-31"/>
      </object_component>
      <object_component id="oc-bd">
         <name>.debug_line</name>
         <load_address>0x468</load_address>
         <run_address>0x468</run_address>
         <size>0x3f</size>
         <input_file_ref idref="fl-3f"/>
      </object_component>
      <object_component id="oc-c1">
         <name>.debug_line</name>
         <load_address>0x4a7</load_address>
         <run_address>0x4a7</run_address>
         <size>0x3f</size>
         <input_file_ref idref="fl-2e"/>
      </object_component>
      <object_component id="oc-c5">
         <name>.debug_line</name>
         <load_address>0x4e6</load_address>
         <run_address>0x4e6</run_address>
         <size>0x40</size>
         <input_file_ref idref="fl-28"/>
      </object_component>
      <object_component id="oc-cc">
         <name>.debug_line</name>
         <load_address>0x526</load_address>
         <run_address>0x526</run_address>
         <size>0x161</size>
         <input_file_ref idref="fl-4"/>
      </object_component>
      <object_component id="oc-d1">
         <name>.debug_line</name>
         <load_address>0x687</load_address>
         <run_address>0x687</run_address>
         <size>0x2a</size>
         <input_file_ref idref="fl-22"/>
      </object_component>
      <object_component id="oc-d4">
         <name>.debug_line</name>
         <load_address>0x6b1</load_address>
         <run_address>0x6b1</run_address>
         <size>0x20</size>
         <input_file_ref idref="fl-22"/>
      </object_component>
      <object_component id="oc-da">
         <name>.debug_line</name>
         <load_address>0x6d1</load_address>
         <run_address>0x6d1</run_address>
         <size>0x20</size>
         <input_file_ref idref="fl-24"/>
      </object_component>
      <object_component id="oc-e0">
         <name>.debug_line</name>
         <load_address>0x6f1</load_address>
         <run_address>0x6f1</run_address>
         <size>0x51</size>
         <input_file_ref idref="fl-5"/>
      </object_component>
      <object_component id="oc-e5">
         <name>.debug_line</name>
         <load_address>0x742</load_address>
         <run_address>0x742</run_address>
         <size>0x56</size>
         <input_file_ref idref="fl-3"/>
      </object_component>
      <object_component id="oc-ea">
         <name>.debug_line</name>
         <load_address>0x798</load_address>
         <run_address>0x798</run_address>
         <size>0x54</size>
         <input_file_ref idref="fl-6"/>
      </object_component>
      <object_component id="oc-ef">
         <name>.debug_line</name>
         <load_address>0x7ec</load_address>
         <run_address>0x7ec</run_address>
         <size>0x52</size>
         <input_file_ref idref="fl-7"/>
      </object_component>
      <object_component id="oc-f4">
         <name>.debug_line</name>
         <load_address>0x83e</load_address>
         <run_address>0x83e</run_address>
         <size>0x5e</size>
         <input_file_ref idref="fl-34"/>
      </object_component>
      <object_component id="oc-f8">
         <name>.debug_line</name>
         <load_address>0x89c</load_address>
         <run_address>0x89c</run_address>
         <size>0x55</size>
         <input_file_ref idref="fl-36"/>
      </object_component>
      <object_component id="oc-fc">
         <name>.debug_line</name>
         <load_address>0x8f1</load_address>
         <run_address>0x8f1</run_address>
         <size>0x6b</size>
         <input_file_ref idref="fl-5"/>
      </object_component>
      <object_component id="oc-101">
         <name>.debug_line</name>
         <load_address>0x95c</load_address>
         <run_address>0x95c</run_address>
         <size>0xde</size>
         <input_file_ref idref="fl-3"/>
      </object_component>
      <object_component id="oc-106">
         <name>.debug_line</name>
         <load_address>0xa3a</load_address>
         <run_address>0xa3a</run_address>
         <size>0x105</size>
         <input_file_ref idref="fl-2"/>
      </object_component>
      <object_component id="oc-10b">
         <name>.debug_line</name>
         <load_address>0xb3f</load_address>
         <run_address>0xb3f</run_address>
         <size>0x5f</size>
         <input_file_ref idref="fl-7"/>
      </object_component>
      <object_component id="oc-110">
         <name>.debug_line</name>
         <load_address>0xb9e</load_address>
         <run_address>0xb9e</run_address>
         <size>0x40</size>
         <input_file_ref idref="fl-29"/>
      </object_component>
      <object_component id="oc-114">
         <name>.debug_line</name>
         <load_address>0xbde</load_address>
         <run_address>0xbde</run_address>
         <size>0x3f</size>
         <input_file_ref idref="fl-23"/>
      </object_component>
      <object_component id="oc-11b">
         <name>.debug_line</name>
         <load_address>0xc1d</load_address>
         <run_address>0xc1d</run_address>
         <size>0x20</size>
         <input_file_ref idref="fl-25"/>
      </object_component>
      <object_component id="oc-11d">
         <name>.debug_line</name>
         <load_address>0xc3d</load_address>
         <run_address>0xc3d</run_address>
         <size>0x39</size>
         <input_file_ref idref="fl-6"/>
      </object_component>
      <object_component id="oc-120">
         <name>.debug_line</name>
         <load_address>0xc76</load_address>
         <run_address>0xc76</run_address>
         <size>0x20</size>
         <input_file_ref idref="fl-2"/>
      </object_component>
      <object_component id="oc-125">
         <name>.debug_line</name>
         <load_address>0xc96</load_address>
         <run_address>0xc96</run_address>
         <size>0x56</size>
         <input_file_ref idref="fl-3c"/>
      </object_component>
      <object_component id="oc-129">
         <name>.debug_line</name>
         <load_address>0xcec</load_address>
         <run_address>0xcec</run_address>
         <size>0x56</size>
         <input_file_ref idref="fl-3d"/>
      </object_component>
      <object_component id="oc-12e">
         <name>.debug_line</name>
         <load_address>0xd42</load_address>
         <run_address>0xd42</run_address>
         <size>0x20</size>
         <input_file_ref idref="fl-23"/>
      </object_component>
      <object_component id="oc-133">
         <name>.debug_line</name>
         <load_address>0xd62</load_address>
         <run_address>0xd62</run_address>
         <size>0x42</size>
         <input_file_ref idref="fl-47"/>
      </object_component>
      <object_component id="oc-138">
         <name>.debug_line</name>
         <load_address>0xda4</load_address>
         <run_address>0xda4</run_address>
         <size>0x62</size>
         <input_file_ref idref="fl-32"/>
      </object_component>
      <object_component id="oc-13d">
         <name>.debug_line</name>
         <load_address>0xe06</load_address>
         <run_address>0xe06</run_address>
         <size>0x2d</size>
         <input_file_ref idref="fl-8"/>
      </object_component>
      <object_component id="oc-140">
         <name>.debug_line</name>
         <load_address>0xe33</load_address>
         <run_address>0xe33</run_address>
         <size>0xba</size>
         <input_file_ref idref="fl-33"/>
      </object_component>
      <object_component id="oc-144">
         <name>.debug_line</name>
         <load_address>0xeed</load_address>
         <run_address>0xeed</run_address>
         <size>0x8d</size>
         <input_file_ref idref="fl-38"/>
      </object_component>
      <object_component id="oc-148">
         <name>.debug_line</name>
         <load_address>0xf7a</load_address>
         <run_address>0xf7a</run_address>
         <size>0x68</size>
         <input_file_ref idref="fl-39"/>
      </object_component>
      <object_component id="oc-14e">
         <name>.debug_line</name>
         <load_address>0xfe2</load_address>
         <run_address>0xfe2</run_address>
         <size>0x71</size>
         <input_file_ref idref="fl-3a"/>
      </object_component>
      <object_component id="oc-157">
         <name>.debug_line</name>
         <load_address>0x1053</load_address>
         <run_address>0x1053</run_address>
         <size>0x20</size>
         <input_file_ref idref="fl-4"/>
      </object_component>
      <object_component id="oc-15d">
         <name>.debug_line</name>
         <load_address>0x1073</load_address>
         <run_address>0x1073</run_address>
         <size>0x59</size>
         <input_file_ref idref="fl-3"/>
      </object_component>
      <object_component id="oc-162">
         <name>.debug_line</name>
         <load_address>0x10cc</load_address>
         <run_address>0x10cc</run_address>
         <size>0x4e</size>
         <input_file_ref idref="fl-3"/>
      </object_component>
      <object_component id="oc-16c">
         <name>.debug_line</name>
         <load_address>0x111a</load_address>
         <run_address>0x111a</run_address>
         <size>0x5a</size>
         <input_file_ref idref="fl-3b"/>
      </object_component>
      <object_component id="oc-173">
         <name>.debug_line</name>
         <load_address>0x1174</load_address>
         <run_address>0x1174</run_address>
         <size>0x3f</size>
         <input_file_ref idref="fl-3e"/>
      </object_component>
      <object_component id="oc-17f">
         <name>.debug_line</name>
         <load_address>0x11b3</load_address>
         <run_address>0x11b3</run_address>
         <size>0x5d</size>
         <input_file_ref idref="fl-3"/>
      </object_component>
      <object_component id="oc-184">
         <name>.debug_line</name>
         <load_address>0x1210</load_address>
         <run_address>0x1210</run_address>
         <size>0x5e</size>
         <input_file_ref idref="fl-37"/>
      </object_component>
      <object_component id="oc-188">
         <name>.debug_line</name>
         <load_address>0x126e</load_address>
         <run_address>0x126e</run_address>
         <size>0x48</size>
         <input_file_ref idref="fl-41"/>
      </object_component>
      <object_component id="oc-18c">
         <name>.debug_line</name>
         <load_address>0x12b6</load_address>
         <run_address>0x12b6</run_address>
         <size>0x57</size>
         <input_file_ref idref="fl-2c"/>
      </object_component>
      <object_component id="oc-190">
         <name>.debug_line</name>
         <load_address>0x130d</load_address>
         <run_address>0x130d</run_address>
         <size>0x7c</size>
         <input_file_ref idref="fl-35"/>
      </object_component>
      <object_component id="oc-194">
         <name>.debug_line</name>
         <load_address>0x1389</load_address>
         <run_address>0x1389</run_address>
         <size>0x4d</size>
         <input_file_ref idref="fl-2a"/>
      </object_component>
      <object_component id="oc-199">
         <name>.debug_line</name>
         <load_address>0x13d6</load_address>
         <run_address>0x13d6</run_address>
         <size>0x20</size>
         <input_file_ref idref="fl-3"/>
      </object_component>
      <object_component id="oc-19f">
         <name>.debug_line</name>
         <load_address>0x13f6</load_address>
         <run_address>0x13f6</run_address>
         <size>0x107</size>
         <input_file_ref idref="fl-2"/>
      </object_component>
      <object_component id="oc-1a5">
         <name>.debug_line</name>
         <load_address>0x14fd</load_address>
         <run_address>0x14fd</run_address>
         <size>0x50</size>
         <input_file_ref idref="fl-7"/>
      </object_component>
      <object_component id="oc-1aa">
         <name>.debug_line</name>
         <load_address>0x154d</load_address>
         <run_address>0x154d</run_address>
         <size>0x4e</size>
         <input_file_ref idref="fl-7"/>
      </object_component>
      <object_component id="oc-1af">
         <name>.debug_line</name>
         <load_address>0x159b</load_address>
         <run_address>0x159b</run_address>
         <size>0x3e</size>
         <input_file_ref idref="fl-30"/>
      </object_component>
      <object_component id="oc-1b7">
         <name>.debug_line</name>
         <load_address>0x15d9</load_address>
         <run_address>0x15d9</run_address>
         <size>0x56</size>
         <input_file_ref idref="fl-45"/>
      </object_component>
      <object_component id="oc-1c1">
         <name>.debug_line</name>
         <load_address>0x162f</load_address>
         <run_address>0x162f</run_address>
         <size>0x45</size>
         <input_file_ref idref="fl-40"/>
      </object_component>
      <object_component id="oc-1c9">
         <name>.debug_line</name>
         <load_address>0x1674</load_address>
         <run_address>0x1674</run_address>
         <size>0x32</size>
         <input_file_ref idref="fl-4"/>
      </object_component>
      <object_component id="oc-1cc">
         <name>.debug_line</name>
         <load_address>0x16a6</load_address>
         <run_address>0x16a6</run_address>
         <size>0x32</size>
         <input_file_ref idref="fl-4"/>
      </object_component>
      <object_component id="oc-1cf">
         <name>.debug_line</name>
         <load_address>0x16d8</load_address>
         <run_address>0x16d8</run_address>
         <size>0x2d</size>
         <input_file_ref idref="fl-8"/>
      </object_component>
      <object_component id="oc-1d4">
         <name>.debug_line</name>
         <load_address>0x1705</load_address>
         <run_address>0x1705</run_address>
         <size>0x35</size>
         <input_file_ref idref="fl-3"/>
      </object_component>
      <object_component id="oc-1da">
         <name>.debug_line</name>
         <load_address>0x173a</load_address>
         <run_address>0x173a</run_address>
         <size>0x35</size>
         <input_file_ref idref="fl-3"/>
      </object_component>
      <object_component id="oc-1df">
         <name>.debug_line</name>
         <load_address>0x176f</load_address>
         <run_address>0x176f</run_address>
         <size>0x44</size>
         <input_file_ref idref="fl-25"/>
      </object_component>
      <object_component id="oc-1e3">
         <name>.debug_line</name>
         <load_address>0x17b3</load_address>
         <run_address>0x17b3</run_address>
         <size>0x35</size>
         <input_file_ref idref="fl-3"/>
      </object_component>
      <object_component id="oc-1e5">
         <name>.debug_line</name>
         <load_address>0x17e8</load_address>
         <run_address>0x17e8</run_address>
         <size>0x35</size>
         <input_file_ref idref="fl-3"/>
      </object_component>
      <object_component id="oc-1e7">
         <name>.debug_line</name>
         <load_address>0x181d</load_address>
         <run_address>0x181d</run_address>
         <size>0x35</size>
         <input_file_ref idref="fl-3"/>
      </object_component>
      <object_component id="oc-1e9">
         <name>.debug_line</name>
         <load_address>0x1852</load_address>
         <run_address>0x1852</run_address>
         <size>0x35</size>
         <input_file_ref idref="fl-3"/>
      </object_component>
      <object_component id="oc-1ef">
         <name>.debug_line</name>
         <load_address>0x1887</load_address>
         <run_address>0x1887</run_address>
         <size>0x64</size>
         <input_file_ref idref="fl-2d"/>
      </object_component>
      <object_component id="oc-1f5">
         <name>.debug_line</name>
         <load_address>0x18eb</load_address>
         <run_address>0x18eb</run_address>
         <size>0x43</size>
         <input_file_ref idref="fl-2b"/>
      </object_component>
      <object_component id="oc-1f9">
         <name>.debug_line</name>
         <load_address>0x192e</load_address>
         <run_address>0x192e</run_address>
         <size>0x9a</size>
         <input_file_ref idref="fl-3"/>
      </object_component>
      <object_component id="oc-1fe">
         <name>.debug_line</name>
         <load_address>0x19c8</load_address>
         <run_address>0x19c8</run_address>
         <size>0x80</size>
         <input_file_ref idref="fl-7"/>
      </object_component>
      <object_component id="oc-205">
         <name>.debug_line</name>
         <load_address>0x1a48</load_address>
         <run_address>0x1a48</run_address>
         <size>0x35</size>
         <input_file_ref idref="fl-7"/>
      </object_component>
      <object_component id="oc-207">
         <name>.debug_line</name>
         <load_address>0x1a7d</load_address>
         <run_address>0x1a7d</run_address>
         <size>0x56</size>
         <input_file_ref idref="fl-7"/>
      </object_component>
      <object_component id="oc-20a">
         <name>.debug_line</name>
         <load_address>0x1ad3</load_address>
         <run_address>0x1ad3</run_address>
         <size>0x20</size>
         <input_file_ref idref="fl-47"/>
      </object_component>
      <object_component id="oc-20d">
         <name>.debug_line</name>
         <load_address>0x1af3</load_address>
         <run_address>0x1af3</run_address>
         <size>0x2e</size>
         <input_file_ref idref="fl-23"/>
      </object_component>
      <object_component id="oc-212">
         <name>.debug_line</name>
         <load_address>0x1b21</load_address>
         <run_address>0x1b21</run_address>
         <size>0x20</size>
         <input_file_ref idref="fl-32"/>
      </object_component>
      <object_component id="oc-214">
         <name>.debug_line</name>
         <load_address>0x1b41</load_address>
         <run_address>0x1b41</run_address>
         <size>0x32</size>
         <input_file_ref idref="fl-4"/>
      </object_component>
      <object_component id="oc-216">
         <name>.debug_line</name>
         <load_address>0x1b73</load_address>
         <run_address>0x1b73</run_address>
         <size>0x1c3</size>
         <input_file_ref idref="fl-8"/>
      </object_component>
      <object_component id="oc-218">
         <name>.debug_line</name>
         <load_address>0x1d36</load_address>
         <run_address>0x1d36</run_address>
         <size>0x20</size>
         <input_file_ref idref="fl-3e"/>
      </object_component>
      <object_component id="oc-21b">
         <name>.debug_line</name>
         <load_address>0x1d56</load_address>
         <run_address>0x1d56</run_address>
         <size>0x20</size>
         <input_file_ref idref="fl-3e"/>
      </object_component>
      <object_component id="oc-6d">
         <name>.debug_aranges</name>
         <load_address>0x0</load_address>
         <run_address>0x0</run_address>
         <size>0x20</size>
         <input_file_ref idref="fl-22"/>
      </object_component>
      <object_component id="oc-71">
         <name>.debug_aranges</name>
         <load_address>0x20</load_address>
         <run_address>0x20</run_address>
         <size>0x20</size>
         <input_file_ref idref="fl-24"/>
      </object_component>
      <object_component id="oc-75">
         <name>.debug_aranges</name>
         <load_address>0x40</load_address>
         <run_address>0x40</run_address>
         <size>0x20</size>
         <input_file_ref idref="fl-26"/>
      </object_component>
      <object_component id="oc-79">
         <name>.debug_aranges</name>
         <load_address>0x60</load_address>
         <run_address>0x60</run_address>
         <size>0x20</size>
         <input_file_ref idref="fl-25"/>
      </object_component>
      <object_component id="oc-7f">
         <name>.debug_aranges</name>
         <load_address>0x80</load_address>
         <run_address>0x80</run_address>
         <size>0x20</size>
         <input_file_ref idref="fl-6"/>
      </object_component>
      <object_component id="oc-85">
         <name>.debug_aranges</name>
         <load_address>0xa0</load_address>
         <run_address>0xa0</run_address>
         <size>0x20</size>
         <input_file_ref idref="fl-8"/>
      </object_component>
      <object_component id="oc-8b">
         <name>.debug_aranges</name>
         <load_address>0xc0</load_address>
         <run_address>0xc0</run_address>
         <size>0x20</size>
         <input_file_ref idref="fl-42"/>
      </object_component>
      <object_component id="oc-8f">
         <name>.debug_aranges</name>
         <load_address>0xe0</load_address>
         <run_address>0xe0</run_address>
         <size>0x20</size>
         <input_file_ref idref="fl-46"/>
      </object_component>
      <object_component id="oc-94">
         <name>.debug_aranges</name>
         <load_address>0x100</load_address>
         <run_address>0x100</run_address>
         <size>0x20</size>
         <input_file_ref idref="fl-8"/>
      </object_component>
      <object_component id="oc-98">
         <name>.debug_aranges</name>
         <load_address>0x120</load_address>
         <run_address>0x120</run_address>
         <size>0x20</size>
         <input_file_ref idref="fl-2f"/>
      </object_component>
      <object_component id="oc-9d">
         <name>.debug_aranges</name>
         <load_address>0x140</load_address>
         <run_address>0x140</run_address>
         <size>0x20</size>
         <input_file_ref idref="fl-27"/>
      </object_component>
      <object_component id="oc-ad">
         <name>.debug_aranges</name>
         <load_address>0x160</load_address>
         <run_address>0x160</run_address>
         <size>0x28</size>
         <input_file_ref idref="fl-25"/>
      </object_component>
      <object_component id="oc-ba">
         <name>.debug_aranges</name>
         <load_address>0x188</load_address>
[...]
         <object_component_ref idref="oc-e8"/>
      </symbol>
      <symbol id="sm-449">
         <name>ADC12ISR</name>
         <value>0x5c00</value>
         <object_component_ref idref="oc-7a"/>
      </symbol>
      <symbol id="sm-44a">
         <name>Vout2</name>
         <value>0x1de2</value>
         <object_component_ref idref="oc-b5"/>
      </symbol>
      <symbol id="sm-44b">
         <name>Vout1</name>
         <value>0x1dde</value>
         <object_component_ref idref="oc-b5"/>
      </symbol>
      <symbol id="sm-490">
         <name>dummy</name>
         <value>0x1dd4</value>
         <object_component_ref idref="oc-1b1"/>
      </symbol>
      <symbol id="sm-491">
         <name>WriteSPI</name>
         <value>0x7c9c</value>
         <object_component_ref idref="oc-1fc"/>
      </symbol>
      <symbol id="sm-492">
         <name>ADS1118A_Init</name>
         <value>0x8136</value>
         <object_component_ref idref="oc-ed"/>
      </symbol>
      <symbol id="sm-493">
         <name>Voltage_ch2</name>
         <value>0x1dda</value>
         <object_component_ref idref="oc-1b1"/>
      </symbol>
      <symbol id="sm-494">
         <name>Voltage_ch1</name>
         <value>0x1dd6</value>
         <object_component_ref idref="oc-1b1"/>
      </symbol>
      <symbol id="sm-495">
         <name>ADS_Read</name>
         <value>0x842e</value>
         <object_component_ref idref="oc-1a8"/>
      </symbol>
      <symbol id="sm-496">
         <name>ADS_Config</name>
         <value>0x83b8</value>
         <object_component_ref idref="oc-1a3"/>
      </symbol>
      <symbol id="sm-497">
         <name>ADS1118A_Act</name>
         <value>0x77d0</value>
         <object_component_ref idref="oc-109"/>
      </symbol>
      <symbol id="sm-4c7">
         <name>Power_All</name>
         <value>0x1da6</value>
         <object_component_ref idref="oc-c7"/>
      </symbol>
      <symbol id="sm-4c8">
         <name>Flash</name>
         <value>0x1dae</value>
         <object_component_ref idref="oc-c7"/>
      </symbol>
      <symbol id="sm-4c9">
         <name>temp</name>
         <value>0x1dba</value>
         <object_component_ref idref="oc-c7"/>
      </symbol>
      <symbol id="sm-4ca">
         <name>TIMER0_A0</name>
         <value>0x5c7a</value>
         <object_component_ref idref="oc-80"/>
      </symbol>
      <symbol id="sm-4cb">
         <name>Power</name>
         <value>0x1da2</value>
         <object_component_ref idref="oc-c7"/>
      </symbol>
      <symbol id="sm-4cc">
         <name>State</name>
         <value>0x1da0</value>
         <object_component_ref idref="oc-c7"/>
      </symbol>
      <symbol id="sm-4cd">
         <name>Hour_H</name>
         <value>0x1d92</value>
         <object_component_ref idref="oc-c7"/>
      </symbol>
      <symbol id="sm-4ce">
         <name>Hour_L</name>
         <value>0x1d94</value>
         <object_component_ref idref="oc-c7"/>
      </symbol>
      <symbol id="sm-4cf">
         <name>Mint_H</name>
         <value>0x1d96</value>
         <object_component_ref idref="oc-c7"/>
      </symbol>
      <symbol id="sm-4d0">
         <name>Mint_L</name>
         <value>0x1d98</value>
         <object_component_ref idref="oc-c7"/>
      </symbol>
      <symbol id="sm-4d1">
         <name>Set_Times</name>
         <value>0x1d9e</value>
         <object_component_ref idref="oc-c7"/>
      </symbol>
      <symbol id="sm-4d2">
         <name>main</name>
         <value>0x76da</value>
         <object_component_ref idref="oc-90"/>
      </symbol>
      <symbol id="sm-4d3">
         <name>Mode</name>
         <value>0x1d90</value>
         <object_component_ref idref="oc-c7"/>
      </symbol>
      <symbol id="sm-4d4">
         <name>Pre_Power</name>
         <value>0x1daa</value>
         <object_component_ref idref="oc-c7"/>
      </symbol>
      <symbol id="sm-4d5">
         <name>differential</name>
         <value>0x1db6</value>
         <object_component_ref idref="oc-c7"/>
      </symbol>
      <symbol id="sm-4d6">
         <name>Integrate</name>
         <value>0x1db2</value>
         <object_component_ref idref="oc-c7"/>
      </symbol>
      <symbol id="sm-4d7">
         <name>temp2</name>
         <value>0x1dbe</value>
         <object_component_ref idref="oc-c7"/>
      </symbol>
      <symbol id="sm-4d8">
         <name>Pursuit_time</name>
         <value>0x1dc4</value>
         <object_component_ref idref="oc-152"/>
      </symbol>
      <symbol id="sm-4d9">
         <name>Sec_H</name>
         <value>0x1d9a</value>
         <object_component_ref idref="oc-c7"/>
      </symbol>
      <symbol id="sm-4da">
         <name>Sec_L</name>
         <value>0x1d9c</value>
         <object_component_ref idref="oc-c7"/>
      </symbol>
      <symbol id="sm-4db">
         <name>Motor_Dir</name>
         <value>0x1dc2</value>
         <object_component_ref idref="oc-c7"/>
      </symbol>
      <symbol id="sm-4dc">
         <name>Flash_temp</name>
         <value>0x1db0</value>
         <object_component_ref idref="oc-c7"/>
      </symbol>
      <symbol id="sm-4ee">
         <name>_c_int00_noexit</name>
         <value>0x5c60</value>
         <object_component_ref idref="oc-69"/>
      </symbol>
      <symbol id="sm-4ef">
         <name>_c_int00</name>
         <value>0x5c60</value>
         <object_component_ref idref="oc-69"/>
      </symbol>
      <symbol id="sm-4f0">
         <name>_stack</name>
         <value>0x5b60</value>
         <object_component_ref idref="oc-86"/>
      </symbol>
      <symbol id="sm-4f1">
         <name>_reset_vector</name>
         <value>0xfffe</value>
         <object_component_ref idref="oc-6a"/>
      </symbol>
      <symbol id="sm-513">
         <name>__mspabi_cmpd</name>
         <value>0x7476</value>
         <object_component_ref idref="oc-112"/>
      </symbol>
      <symbol id="sm-524">
         <name>__TI_decompress_none</name>
         <value>0x82b0</value>
         <object_component_ref idref="oc-6e"/>
      </symbol>
      <symbol id="sm-548">
         <name>__TI_decompress_rle24</name>
         <value>0x8462</value>
         <object_component_ref idref="oc-76"/>
      </symbol>
      <symbol id="sm-556">
         <name>__TI_zero_init</name>
         <value>0x82ec</value>
         <object_component_ref idref="oc-72"/>
      </symbol>
      <symbol id="sm-560">
         <name>__memcpy_far</name>
         <value>0x8176</value>
         <object_component_ref idref="oc-9a"/>
      </symbol>
      <symbol id="sm-56e">
         <name>__mspabi_cvtdf</name>
         <value>0x7a38</value>
         <object_component_ref idref="oc-c3"/>
      </symbol>
      <symbol id="sm-57a">
         <name>__mspabi_cvtfd</name>
         <value>0x7da0</value>
         <object_component_ref idref="oc-10e"/>
      </symbol>
      <symbol id="sm-585">
         <name>__mspabi_remi</name>
         <value>0x838c</value>
         <object_component_ref idref="oc-192"/>
      </symbol>
      <symbol id="sm-586">
         <name>__mspabi_divi</name>
         <value>0x838c</value>
         <object_component_ref idref="oc-192"/>
      </symbol>
      <symbol id="sm-58f">
         <name>__mspabi_remu</name>
         <value>0x8402</value>
         <object_component_ref idref="oc-1f3"/>
      </symbol>
      <symbol id="sm-590">
         <name>__mspabi_divu</name>
         <value>0x8402</value>
         <object_component_ref idref="oc-1f3"/>
      </symbol>
      <symbol id="sm-59b">
         <name>__mspabi_remli</name>
         <value>0x81b6</value>
         <object_component_ref idref="oc-18a"/>
      </symbol>
      <symbol id="sm-59c">
         <name>__mspabi_divli</name>
         <value>0x81b6</value>
         <object_component_ref idref="oc-18a"/>
      </symbol>
      <symbol id="sm-5a9">
         <name>__mspabi_remul</name>
         <value>0x7eea</value>
         <object_component_ref idref="oc-1ed"/>
      </symbol>
      <symbol id="sm-5aa">
         <name>__mspabi_divul</name>
         <value>0x7eea</value>
         <object_component_ref idref="oc-1ed"/>
      </symbol>
      <symbol id="sm-5c6">
         <name>__mspabi_divd</name>
         <value>0x7104</value>
         <object_component_ref idref="oc-bf"/>
      </symbol>
      <symbol id="sm-5ce">
         <name>C$$EXIT</name>
         <value>0x8480</value>
         <object_component_ref idref="oc-95"/>
      </symbol>
      <symbol id="sm-5cf">
         <name>abort</name>
         <value>0x8480</value>
         <object_component_ref idref="oc-95"/>
      </symbol>
      <symbol id="sm-5d6">
         <name>__mspabi_fltid</name>
         <value>0x8470</value>
         <object_component_ref idref="oc-1ad"/>
      </symbol>
      <symbol id="sm-5e9">
         <name>__mspabi_fltlid</name>
         <value>0x7ad8</value>
         <object_component_ref idref="oc-b7"/>
      </symbol>
      <symbol id="sm-602">
         <name>_frcdivd</name>
         <value>0x60d2</value>
         <object_component_ref idref="oc-136"/>
      </symbol>
      <symbol id="sm-61b">
         <name>__mspabi_subf</name>
         <value>0x75aa</value>
         <object_component_ref idref="oc-13e"/>
      </symbol>
      <symbol id="sm-61c">
         <name>__mspabi_addf</name>
         <value>0x75b0</value>
         <object_component_ref idref="oc-13e"/>
      </symbol>
      <symbol id="sm-62b">
         <name>__mspabi_cmpf</name>
         <value>0x7f42</value>
         <object_component_ref idref="oc-f2"/>
      </symbol>
      <symbol id="sm-63a">
         <name>__mspabi_divf</name>
         <value>0x7c0e</value>
         <object_component_ref idref="oc-18e"/>
      </symbol>
      <symbol id="sm-645">
         <name>__mspabi_fltif</name>
         <value>0x8324</value>
         <object_component_ref idref="oc-f6"/>
      </symbol>
      <symbol id="sm-652">
         <name>__mspabi_fltlif</name>
         <value>0x7f8c</value>
         <object_component_ref idref="oc-182"/>
      </symbol>
      <symbol id="sm-667">
         <name>__mspabi_mpyf</name>
         <value>0x7982</value>
         <object_component_ref idref="oc-142"/>
      </symbol>
      <symbol id="sm-678">
         <name>__mspabi_fixfi</name>
         <value>0x7e82</value>
         <object_component_ref idref="oc-146"/>
      </symbol>
      <symbol id="sm-68a">
         <name>__mspabi_fixfli</name>
         <value>0x7d22</value>
         <object_component_ref idref="oc-14c"/>
      </symbol>
      <symbol id="sm-698">
         <name>__mspabi_fixfu</name>
         <value>0x80ac</value>
         <object_component_ref idref="oc-16a"/>
      </symbol>
      <symbol id="sm-69f">
         <name>__mspabi_slll_9</name>
         <value>0x824c</value>
         <object_component_ref idref="oc-123"/>
      </symbol>
      <symbol id="sm-6a0">
         <name>__mspabi_slll_8</name>
         <value>0x8250</value>
         <object_component_ref idref="oc-123"/>
      </symbol>
      <symbol id="sm-6a1">
         <name>__mspabi_slll_7</name>
         <value>0x8254</value>
         <object_component_ref idref="oc-123"/>
      </symbol>
      <symbol id="sm-6a2">
         <name>__mspabi_slll_6</name>
         <value>0x8258</value>
         <object_component_ref idref="oc-123"/>
      </symbol>
      <symbol id="sm-6a3">
         <name>__mspabi_slll_5</name>
         <value>0x825c</value>
         <object_component_ref idref="oc-123"/>
      </symbol>
      <symbol id="sm-6a4">
         <name>__mspabi_slll_4</name>
         <value>0x8260</value>
         <object_component_ref idref="oc-123"/>
      </symbol>
      <symbol id="sm-6a5">
         <name>__mspabi_slll_3</name>
         <value>0x8264</value>
         <object_component_ref idref="oc-123"/>
      </symbol>
      <symbol id="sm-6a6">
         <name>__mspabi_slll_2</name>
         <value>0x8268</value>
         <object_component_ref idref="oc-123"/>
      </symbol>
      <symbol id="sm-6a7">
         <name>__mspabi_slll_1</name>
         <value>0x826c</value>
         <object_component_ref idref="oc-123"/>
      </symbol>
      <symbol id="sm-6a8">
         <name>__mspabi_slll_15</name>
         <value>0x8234</value>
         <object_component_ref idref="oc-123"/>
      </symbol>
      <symbol id="sm-6a9">
         <name>__mspabi_slll_14</name>
         <value>0x8238</value>
         <object_component_ref idref="oc-123"/>
      </symbol>
      <symbol id="sm-6aa">
         <name>__mspabi_slll_13</name>
         <value>0x823c</value>
         <object_component_ref idref="oc-123"/>
      </symbol>
      <symbol id="sm-6ab">
         <name>__mspabi_slll_12</name>
         <value>0x8240</value>
         <object_component_ref idref="oc-123"/>
      </symbol>
      <symbol id="sm-6ac">
         <name>__mspabi_slll_11</name>
         <value>0x8244</value>
         <object_component_ref idref="oc-123"/>
      </symbol>
      <symbol id="sm-6ad">
         <name>__mspabi_slll_10</name>
         <value>0x8248</value>
         <object_component_ref idref="oc-123"/>
      </symbol>
      <symbol id="sm-6b4">
         <name>__mspabi_srll_8</name>
         <value>0x828e</value>
         <object_component_ref idref="oc-127"/>
      </symbol>
      <symbol id="sm-6b5">
         <name>__mspabi_srll_9</name>
         <value>0x828a</value>
         <object_component_ref idref="oc-127"/>
      </symbol>
      <symbol id="sm-6b6">
         <name>__mspabi_srll_6</name>
         <value>0x8296</value>
         <object_component_ref idref="oc-127"/>
      </symbol>
      <symbol id="sm-6b7">
         <name>__mspabi_srll_7</name>
         <value>0x8292</value>
         <object_component_ref idref="oc-127"/>
      </symbol>
      <symbol id="sm-6b8">
         <name>__mspabi_srll_4</name>
         <value>0x829e</value>
         <object_component_ref idref="oc-127"/>
      </symbol>
      <symbol id="sm-6b9">
         <name>__mspabi_srll_5</name>
         <value>0x829a</value>
         <object_component_ref idref="oc-127"/>
      </symbol>
      <symbol id="sm-6ba">
         <name>__mspabi_srll_2</name>
         <value>0x82a6</value>
         <object_component_ref idref="oc-127"/>
      </symbol>
      <symbol id="sm-6bb">
         <name>__mspabi_srll_3</name>
         <value>0x82a2</value>
         <object_component_ref idref="oc-127"/>
      </symbol>
      <symbol id="sm-6bc">
         <name>__mspabi_srll_1</name>
         <value>0x82aa</value>
         <object_component_ref idref="oc-127"/>
      </symbol>
      <symbol id="sm-6bd">
         <name>__mspabi_srll_15</name>
         <value>0x8272</value>
         <object_component_ref idref="oc-127"/>
      </symbol>
      <symbol id="sm-6be">
         <name>__mspabi_srll_14</name>
         <value>0x8276</value>
         <object_component_ref idref="oc-127"/>
      </symbol>
      <symbol id="sm-6bf">
         <name>__mspabi_srll_13</name>
         <value>0x827a</value>
         <object_component_ref idref="oc-127"/>
      </symbol>
      <symbol id="sm-6c0">
         <name>__mspabi_srll_12</name>
         <value>0x827e</value>
         <object_component_ref idref="oc-127"/>
      </symbol>
      <symbol id="sm-6c1">
         <name>__mspabi_srll_11</name>
         <value>0x8282</value>
         <object_component_ref idref="oc-127"/>
      </symbol>
      <symbol id="sm-6c2">
         <name>__mspabi_srll_10</name>
         <value>0x8286</value>
         <object_component_ref idref="oc-127"/>
      </symbol>
      <symbol id="sm-6d3">
         <name>memcpy</name>
         <value>0x8440</value>
         <object_component_ref idref="oc-171"/>
      </symbol>
      <symbol id="sm-6ef">
         <name>__mspabi_mpyd</name>
         <value>0x6ec0</value>
         <object_component_ref idref="oc-bb"/>
      </symbol>
      <symbol id="sm-6f6">
         <name>__mspabi_mpyi_f5hw</name>
         <value>0x8418</value>
         <object_component_ref idref="oc-1bf"/>
      </symbol>
      <symbol id="sm-6fd">
         <name>__mspabi_mpyl_f5hw</name>
         <value>0x83e0</value>
         <object_component_ref idref="oc-186"/>
      </symbol>
      <symbol id="sm-704">
         <name>_system_pre_init</name>
         <value>0x847c</value>
         <object_component_ref idref="oc-88"/>
      </symbol>
      <symbol id="sm-70d">
         <name>__mspabi_sral_15</name>
         <value>0x81f6</value>
         <object_component_ref idref="oc-1b5"/>
      </symbol>
      <symbol id="sm-70e">
         <name>__mspabi_sral_14</name>
         <value>0x81fa</value>
         <object_component_ref idref="oc-1b5"/>
      </symbol>
      <symbol id="sm-70f">
         <name>__mspabi_sral_13</name>
         <value>0x81fe</value>
         <object_component_ref idref="oc-1b5"/>
      </symbol>
      <symbol id="sm-710">
         <name>__mspabi_sral_12</name>
         <value>0x8202</value>
         <object_component_ref idref="oc-1b5"/>
      </symbol>
      <symbol id="sm-711">
         <name>__mspabi_sral_11</name>
         <value>0x8206</value>
         <object_component_ref idref="oc-1b5"/>
      </symbol>
      <symbol id="sm-712">
         <name>__mspabi_sral_10</name>
         <value>0x820a</value>
         <object_component_ref idref="oc-1b5"/>
      </symbol>
      <symbol id="sm-713">
         <name>__mspabi_sral_8</name>
         <value>0x8212</value>
         <object_component_ref idref="oc-1b5"/>
      </symbol>
      <symbol id="sm-714">
         <name>__mspabi_sral_9</name>
         <value>0x820e</value>
         <object_component_ref idref="oc-1b5"/>
      </symbol>
      <symbol id="sm-715">
         <name>__mspabi_sral_6</name>
         <value>0x821a</value>
         <object_component_ref idref="oc-1b5"/>
      </symbol>
      <symbol id="sm-716">
         <name>__mspabi_sral_7</name>
         <value>0x8216</value>
         <object_component_ref idref="oc-1b5"/>
      </symbol>
      <symbol id="sm-717">
         <name>__mspabi_sral_4</name>
         <value>0x8222</value>
         <object_component_ref idref="oc-1b5"/>
      </symbol>
      <symbol id="sm-718">
         <name>__mspabi_sral_5</name>
         <value>0x821e</value>
         <object_component_ref idref="oc-1b5"/>
      </symbol>
      <symbol id="sm-719">
         <name>__mspabi_sral_2</name>
         <value>0x822a</value>
         <object_component_ref idref="oc-1b5"/>
      </symbol>
      <symbol id="sm-71a">
         <name>__mspabi_sral_3</name>
         <value>0x8226</value>
         <object_component_ref idref="oc-1b5"/>
      </symbol>
      <symbol id="sm-71b">
         <name>__mspabi_sral_1</name>
         <value>0x822e</value>
         <object_component_ref idref="oc-1b5"/>
      </symbol>
      <symbol id="sm-727">
         <name>_auto_init</name>
         <value>0x7e14</value>
         <object_component_ref idref="oc-8c"/>
      </symbol>
      <symbol id="sm-736">
         <name>_frcmpyd</name>
         <value>0x6be6</value>
         <object_component_ref idref="oc-131"/>
      </symbol>
      <symbol id="sm-737">
         <name>__TI_exit</name>
         <value>0x1</value>
      </symbol>
      <symbol id="sm-738">
         <name>__TI_args_main</name>
         <value>0x1</value>
      </symbol>
      <symbol id="sm-739">
         <name>__TI_INITARRAY_Base</name>
         <value>0x0</value>
      </symbol>
      <symbol id="sm-73a">
         <name>__TI_INITARRAY_Limit</name>
         <value>0x0</value>
      </symbol>
   </symbol_table>
</link_info>
